// Vitest Snapshot v1

exports[`Index page > should match snapshot 1`] = `
<body>
  <div>
    <!--&lt;Meta&gt;-->
     
    <h1>
      Welcome to SvelteKit
    </h1>
     
    <p>
      Visit 
      <a
        href="https://kit.svelte.dev"
      >
        kit.svelte.dev
      </a>
       to read the documentation
    </p>
    <!--&lt;+page&gt;-->
  </div>
</body>
`;
