// Vitest Snapshot v1

exports[`Index page > should match snapshot 1`] = `
<body>
  <div>
    <!--&lt;Meta&gt;-->
     
    <form
      class="flex flex-col space-y-3"
    >
      <div
        class="w-100 s-JZthjkXlZrq3"
      >
        <label
          class="label s-JZthjkXlZrq3"
          for="username"
        >
          Username
        </label>
         
        <input
          class="input input-rounded s-JZthjkXlZrq3"
          id="username"
          type="text"
        />
         
      </div>
      <!--&lt;Input&gt;-->
       
      <div
        class="w-100 s-JZthjkXlZrq3"
      >
        <label
          class="label s-JZthjkXlZrq3"
          for="password"
        >
          Password
        </label>
         
        <input
          class="input input-rounded s-JZthjkXlZrq3"
          id="password"
          type="password"
        />
         
      </div>
      <!--&lt;Input&gt;-->
       
      <div
        aria-label="Form submission buttons"
        class="btn-group self-center s-_5WuMKolmwWJ"
        role="group"
      >
        <button
          class="btn btn-primary btn-bordered btn-grouped s-NAQuwh5ehqbV"
          type="submit"
        >
          Log In
        </button>
        
        <!--&lt;Button&gt;-->
         
        <button
          class="btn btn-primary btn-bordered btn-grouped s-NAQuwh5ehqbV"
          type="button"
        >
          Sign Up
        </button>
        
        <!--&lt;Button&gt;-->
      </div>
      <!--&lt;ButtonGroup&gt;-->
    </form>
    <!--&lt;+page&gt;-->
  </div>
</body>
`;

exports[`Log In page > should match snapshot 1`] = `
<body>
  <div>
    <!--&lt;Meta&gt;-->
     
    <form
      class="flex flex-col space-y-3"
    >
      <div
        class="w-100 s-JZthjkXlZrq3"
      >
        <label
          class="label s-JZthjkXlZrq3"
          for="username"
        >
          Username
        </label>
         
        <input
          class="input input-rounded s-JZthjkXlZrq3"
          id="username"
          type="text"
        />
         
      </div>
      <!--&lt;Input&gt;-->
       
      <div
        class="w-100 s-JZthjkXlZrq3"
      >
        <label
          class="label s-JZthjkXlZrq3"
          for="password"
        >
          Password
        </label>
         
        <input
          class="input input-rounded s-JZthjkXlZrq3"
          id="password"
          type="password"
        />
         
      </div>
      <!--&lt;Input&gt;-->
       
      <div
        aria-label="Form submission buttons"
        class="btn-group self-center s-_5WuMKolmwWJ"
        role="group"
      >
        <button
          class="btn btn-primary btn-bordered btn-grouped s-NAQuwh5ehqbV"
          type="submit"
        >
          Log In
        </button>
        
        <!--&lt;Button&gt;-->
         
        <button
          class="btn btn-primary btn-bordered btn-grouped s-NAQuwh5ehqbV"
          type="button"
        >
          Sign Up
        </button>
        
        <!--&lt;Button&gt;-->
      </div>
      <!--&lt;ButtonGroup&gt;-->
    </form>
    <!--&lt;+page&gt;-->
  </div>
</body>
`;
