// Vitest Snapshot v1

exports[`Log In page > should match snapshot 1`] = `
<body>
  <div>
    <!--&lt;Meta&gt;-->
     
    <form
      class="flex flex-col space-y-3"
    >
      <div
        class="w-100 s-JZthjkXlZrq3"
      >
        <label
          class="label s-JZthjkXlZrq3"
          for="username"
        >
          Username
        </label>
         
        <input
          class="input input-rounded s-JZthjkXlZrq3"
          id="username"
          type="text"
        />
         
      </div>
      <!--&lt;Input&gt;-->
       
      <div
        class="w-100 s-JZthjkXlZrq3"
      >
        <label
          class="label s-JZthjkXlZrq3"
          for="password"
        >
          Password
        </label>
         
        <input
          class="input input-rounded s-JZthjkXlZrq3"
          id="password"
          type="password"
        />
         
      </div>
      <!--&lt;Input&gt;-->
       
      <p
        class="text-center"
      >
        cURL Share uses cookies to store the user's current session. No information is stored within
		this cookie apart from the user's unique ID.
      </p>
       
      <div
        class="m-auto"
      >
        <fieldset
          class="checkbox-group checkbox-group-hidden s-K6jzjY3vjtlg"
        >
          <legend
            class="checkbox-legend screenreader-only s-K6jzjY3vjtlg"
          >
            checkbox
          </legend>
           
          <label
            class="checkbox-label-wrap s-K6jzjY3vjtlg"
          >
            <input
              class="checkbox s-K6jzjY3vjtlg"
              data-testid="cookie-checkbox"
              id="cookie-checkbox-cookie-agreed-0"
              name="cookie-agreed"
              type="checkbox"
              value="agrees"
            />
             
            <span
              aria-hidden="true"
              class="checkbox-label s-K6jzjY3vjtlg"
            />
             
            <span
              class="checkbox-label-copy s-K6jzjY3vjtlg"
            >
              I accept cURL Share's cookie policy
            </span>
             
          </label>
        </fieldset>
        <!--&lt;ChoiceInput&gt;-->
      </div>
       
       
      <div
        aria-label="Form submission buttons"
        class="btn-group self-center s-_5WuMKolmwWJ"
        role="group"
      >
        <button
          class="btn btn-primary btn-bordered btn-grouped disabled s-NAQuwh5ehqbV"
          disabled=""
          type="submit"
        >
          Log In
        </button>
        
        <!--&lt;Button&gt;-->
         
        <button
          class="btn btn-primary btn-bordered btn-grouped disabled s-NAQuwh5ehqbV"
          disabled=""
          type="submit"
        >
          Sign Up
        </button>
        
        <!--&lt;Button&gt;-->
      </div>
      <!--&lt;ButtonGroup&gt;-->
    </form>
    <!--&lt;+page&gt;-->
  </div>
</body>
`;
